// Jest Snapshot v1, https://goo.gl/fbAQLP

exports[`<Nav/> renders a minimal nav when signed out 1`] = `
<ul
  className="NavStyles-sc-11c0d2g-0 YVEeD"
  data-test="nav"
>
  <Link
    href="/signup"
  >
    <a
      href="/signup"
      onClick={[Function]}
    >
      Signup/Signin
    </a>
  </Link>
  <Link
    href="/"
  >
    <a
      href="/"
      onClick={[Function]}
    >
      Shop
    </a>
  </Link>
</ul>
`;

exports[`<Nav/> renders the amount of items in the cart 1`] = `
<div
  className="count CartCount__Dot-xxvp4g-1 kbwHZo"
>
  9
</div>
`;
