// Jest Snapshot v1, https://goo.gl/fbAQLP

exports[`<Order /> renders and matches the snap shot 1`] = `
<OrderStyles>
  <div
    className="OrderStyles-sc-4oqalm-0 camMij"
  >
    <SideEffect(Head)>
      <Head />
    </SideEffect(Head)>
    <p>
      <span>
        Order ID:
      </span>
      <span>
        ord123
      </span>
    </p>
    <p>
      <span>
        Date
      </span>
      <span>
        April 1, 2018 2:00 AM
      </span>
    </p>
    <p>
      <span>
        Order total
      </span>
      <span>
        €400
      </span>
    </p>
    <p>
      <span>
        Item Count
      </span>
      <span>
        2
      </span>
    </p>
    <div
      className="items"
    >
      <div
        classNames="order-item"
        key="3a430a73-c9e9-4bcc-b46a-41618965ffea"
      >
        <img
          alt="et modi tenetur amet modi reprehenderit omnis"
          src="reprehenderit.jpg"
        />
        <div
          classNames="item-details"
          key="3a430a73-c9e9-4bcc-b46a-41618965ffea"
        >
          <h2>
            soluta non omnis consequatur enim quia autem
          </h2>
          <p>
            Qty: 
            1
          </p>
          <p>
            Each: 
            4234
          </p>
          <p>
            Sub Total: 
            €42.34
          </p>
          <p>
            et modi tenetur amet modi reprehenderit omnis
          </p>
        </div>
      </div>
      <div
        classNames="order-item"
        key="2393e090-592f-4d03-b808-c9d81098deec"
      >
        <img
          alt="sapiente laudantium molestias assumenda quasi adipisci mollitia"
          src="sint.jpg"
        />
        <div
          classNames="item-details"
          key="2393e090-592f-4d03-b808-c9d81098deec"
        >
          <h2>
            quia sed exercitationem omnis laborum exercitationem est
          </h2>
          <p>
            Qty: 
            1
          </p>
          <p>
            Each: 
            4234
          </p>
          <p>
            Sub Total: 
            €42.34
          </p>
          <p>
            sapiente laudantium molestias assumenda quasi adipisci mollitia
          </p>
        </div>
      </div>
    </div>
  </div>
</OrderStyles>
`;
