// Jest Snapshot v1, https://goo.gl/fbAQLP

exports[`<Signup /> renders and matches snapshot 1`] = `
<form
  className="Form-sc-1xszr8q-0 krRxky"
  method="post"
  onSubmit={[Function]}
>
  <fieldset>
    <p>
      Sign Up
    </p>
    <label
      htmlFor="name"
    >
      Name
    </label>
    <input
      id="name"
      name="name"
      onChange={[Function]}
      placeholder="Enter name"
      required={true}
      type="text"
      value=""
    />
    <label
      htmlFor="email"
    >
      email
    </label>
    <input
      id="email"
      name="email"
      onChange={[Function]}
      placeholder="Enter email"
      required={true}
      type="email"
      value=""
    />
    <label
      htmlFor="password"
    >
      password
    </label>
    <input
      id="password"
      name="password"
      onChange={[Function]}
      placeholder="Enter password"
      required={true}
      type="password"
      value=""
    />
    <button
      type="submit"
    >
      Sign Up Now!!
    </button>
  </fieldset>
</form>
`;
